lock acquired pid=1599416
cargo 1.94.0 (85eff7c80 2026-01-15)
rustc 1.94.0 (4a4ef493e 2026-03-02)
branch=main
pulling latest
Already up to date.
running fmt
running clippy
    Finished `dev` profile [unoptimized + debuginfo] target(s) in 0.08s
running tests
    Finished `test` profile [unoptimized + debuginfo] target(s) in 0.05s
     Running unittests src/lib.rs (target/debug/deps/gpu_db_batching-aa2e732b69e4df63)

running 7 tests
test tests::config_accessors_report_dual_trigger_thresholds ... ok
test tests::first_enqueued_at_tracks_head_and_resets_after_flush ... ok
test tests::flushes_on_count ... ok
test tests::flushes_on_time ... ok
test tests::maybe_flush_due_to_time_does_not_panic_when_clock_moves_backwards ... ok
test tests::time_until_flush_deadline_counts_down_and_saturates_at_zero ... ok
test tests::requeue_front_prepends_items_and_tracks_oldest_enqueue_time ... ok

test result: ok. 7 passed; 0 failed; 0 ignored; 0 measured; 0 filtered out; finished in 0.00s

     Running unittests src/lib.rs (target/debug/deps/gpu_db_engine-af430787f3da21f4)

running 27 tests
test tests::admin_flush_tracks_reason ... ok
test tests::batch_flush_wal_failure_requeues_items_for_retry ... ok
test tests::batching_can_apply_set_then_del_in_order ... ok
test tests::batching_config_reflects_engine_settings ... ok
test tests::batching_flushes_on_count_and_updates_metric ... ok
test tests::batching_flushes_on_time ... ok
test tests::commit_indices_monotonic ... ok
test tests::enqueue_non_mutations_count_as_not_gpu_eligible_fallbacks ... ok
test tests::execute_del_removes_existing_key ... ok
test tests::execute_read_text_get_returns_current_value_without_committing ... ok
test tests::execute_set_updates_state_machine ... ok
test tests::execute_text_non_mutations_count_as_not_gpu_eligible_fallbacks ... ok
test tests::failed_admin_flush_does_not_increment_flush_metrics_or_drop_pending_queue ... ok
test tests::failed_time_flush_does_not_drop_pending_queue ... ok
test tests::flush_command_drains_pending_batch ... ok
test tests::follower_rejects_batched_enqueue_without_mutating_queue_or_metrics ... ok
test tests::follower_rejects_commit_without_visibility_or_wal_flush ... ok
test tests::follower_tick_without_pending_batch_is_noop ... ok
test tests::pending_batch_can_be_flushed_after_follower_is_promoted_back_to_leader ... ok
test tests::pending_batch_deadline_counts_down_and_clears_after_flush ... ok
test tests::pending_batch_oldest_age_tracks_then_clears_after_flush ... ok
test tests::replication_watermarks_do_not_advance_on_rejected_follower_commit ... ok
test tests::replication_watermarks_track_commit_apply_visibility_and_durability ... ok
test tests::wal_before_visibility_holds ... ok
test tests::wal_flush_failure_discards_unflushed_record_from_buffer ... ok
test tests::wal_flush_failure_does_not_leak_into_later_successful_commit ... ok
test tests::wal_flush_failure_prevents_visibility_advance ... ok

test result: ok. 27 passed; 0 failed; 0 ignored; 0 measured; 0 filtered out; finished in 0.00s

     Running unittests src/lib.rs (target/debug/deps/gpu_db_execution-d6cba2d1200b8b85)

running 5 tests
test tests::cpu_target_routes_to_cpu_without_runtime_check ... ok
test tests::gpu_target_falls_back_when_queue_is_saturated ... ok
test tests::gpu_target_falls_back_when_memory_pressured ... ok
test tests::gpu_target_falls_back_when_unavailable ... ok
test tests::gpu_target_routes_to_gpu_when_available ... ok

test result: ok. 5 passed; 0 failed; 0 ignored; 0 measured; 0 filtered out; finished in 0.00s

     Running unittests src/lib.rs (target/debug/deps/gpu_db_metrics-c3df419aa5e5e5f5)

running 5 tests
test tests::batch_flush_reason_counts ... ok
test tests::batch_wait_observations_track_totals_and_latest ... ok
test tests::fallback_reason_counts ... ok
test tests::kernel_exec_observations_track_totals_latest_and_average ... ok
test tests::transfer_byte_counters_accumulate_with_saturation ... ok

test result: ok. 5 passed; 0 failed; 0 ignored; 0 measured; 0 filtered out; finished in 0.00s

     Running unittests src/lib.rs (target/debug/deps/gpu_db_protocol-01d3f2c701340d2d)

running 9 tests
test tests::parses_del ... ok
test tests::parses_flush ... ok
test tests::parses_get ... ok
test tests::parses_set ... ok
test tests::parses_set_with_non_space_whitespace_separator ... ok
test tests::parses_transaction_control_commands_case_insensitively ... ok
test tests::rejects_del_with_missing_or_extra_tokens ... ok
test tests::rejects_get_with_missing_or_extra_tokens ... ok
test tests::rejects_set_with_whitespace_in_key ... ok

test result: ok. 9 passed; 0 failed; 0 ignored; 0 measured; 0 filtered out; finished in 0.00s

     Running unittests src/lib.rs (target/debug/deps/gpu_db_replication-cfe918733f9bbe5b)

running 16 tests
test tests::commit_index_monotonic ... ok
test tests::follower_rejects_writes ... ok
test tests::install_snapshot_advances_log_watermarks ... ok
test tests::leader_accepts_after_promotion ... ok
test tests::mark_applied_does_not_exceed_commit_index ... ok
test tests::raft_duplicate_follower_ack_does_not_count_twice ... ok
test tests::raft_follower_acks_are_ignored_when_not_leader ... ok
test tests::raft_rejects_ack_for_unknown_index ... ok
test tests::raft_prunes_ack_tracking_for_committed_entries ... ok
test tests::raft_replicator_commit_index_advances_in_order ... ok
test tests::raft_replicator_commits_after_quorum_acks ... ok
test tests::raft_replicator_rejects_proposal_when_not_leader ... ok
test tests::raft_role_change_discards_uncommitted_tail ... ok
test tests::raft_single_node_leader_commits_immediately ... ok
test tests::rollback_unapplied_removes_tail_and_resets_indices ... ok
test tests::snapshot_meta_tracks_applied_index ... ok

test result: ok. 16 passed; 0 failed; 0 ignored; 0 measured; 0 filtered out; finished in 0.00s

     Running unittests src/lib.rs (target/debug/deps/gpu_db_txn-a2839d548e599ba0)

running 4 tests
test tests::begin_assigns_monotonic_ids_and_tracks_active ... ok
test tests::cannot_transition_missing_or_non_active_txn ... ok
test tests::commit_transitions_to_terminal_and_decrements_active ... ok
test tests::rollback_transitions_to_terminal_and_decrements_active ... ok

test result: ok. 4 passed; 0 failed; 0 ignored; 0 measured; 0 filtered out; finished in 0.00s

     Running unittests src/lib.rs (target/debug/deps/gpu_db_types-828c1c6692b7b9a5)

running 0 tests

test result: ok. 0 passed; 0 failed; 0 ignored; 0 measured; 0 filtered out; finished in 0.00s

     Running unittests src/lib.rs (target/debug/deps/gpu_db_wal-f603cdb792ef3e53)

running 3 tests
test tests::fail_next_flush_is_one_shot ... ok
test tests::flush_commits_all_appended_records ... ok
test tests::truncate_shrinks_records_and_adjusts_flushed_count ... ok

test result: ok. 3 passed; 0 failed; 0 ignored; 0 measured; 0 filtered out; finished in 0.00s

   Doc-tests gpu_db_batching

running 0 tests

test result: ok. 0 passed; 0 failed; 0 ignored; 0 measured; 0 filtered out; finished in 0.00s

   Doc-tests gpu_db_engine

running 0 tests

test result: ok. 0 passed; 0 failed; 0 ignored; 0 measured; 0 filtered out; finished in 0.00s

   Doc-tests gpu_db_execution

running 0 tests

test result: ok. 0 passed; 0 failed; 0 ignored; 0 measured; 0 filtered out; finished in 0.00s

   Doc-tests gpu_db_metrics

running 0 tests

test result: ok. 0 passed; 0 failed; 0 ignored; 0 measured; 0 filtered out; finished in 0.00s

   Doc-tests gpu_db_protocol

running 0 tests

test result: ok. 0 passed; 0 failed; 0 ignored; 0 measured; 0 filtered out; finished in 0.00s

   Doc-tests gpu_db_replication

running 0 tests

test result: ok. 0 passed; 0 failed; 0 ignored; 0 measured; 0 filtered out; finished in 0.00s

   Doc-tests gpu_db_txn

running 0 tests

test result: ok. 0 passed; 0 failed; 0 ignored; 0 measured; 0 filtered out; finished in 0.00s

   Doc-tests gpu_db_types

running 0 tests

test result: ok. 0 passed; 0 failed; 0 ignored; 0 measured; 0 filtered out; finished in 0.00s

   Doc-tests gpu_db_wal

running 0 tests

test result: ok. 0 passed; 0 failed; 0 ignored; 0 measured; 0 filtered out; finished in 0.00s

changes detected; creating atomic commit
